mode: atomic
github.com/segmentio/analytics-go/v3/alias.go:22.35,23.26 1 7
github.com/segmentio/analytics-go/v3/alias.go:23.26,29.3 1 1
github.com/segmentio/analytics-go/v3/alias.go:31.2,31.30 1 6
github.com/segmentio/analytics-go/v3/alias.go:31.30,37.3 1 2
github.com/segmentio/analytics-go/v3/alias.go:39.2,39.12 1 4
github.com/segmentio/analytics-go/v3/analytics.go:67.34,71.2 2 3
github.com/segmentio/analytics-go/v3/analytics.go:78.76,79.41 1 21
github.com/segmentio/analytics-go/v3/analytics.go:79.41,81.3 1 1
github.com/segmentio/analytics-go/v3/analytics.go:83.2,95.8 4 20
github.com/segmentio/analytics-go/v3/analytics.go:98.62,102.32 2 20
github.com/segmentio/analytics-go/v3/analytics.go:102.32,104.3 1 20
github.com/segmentio/analytics-go/v3/analytics.go:105.2,105.19 1 20
github.com/segmentio/analytics-go/v3/analytics.go:108.46,109.25 1 36
github.com/segmentio/analytics-go/v3/analytics.go:110.14,111.15 1 1
github.com/segmentio/analytics-go/v3/analytics.go:111.15,113.4 1 0
github.com/segmentio/analytics-go/v3/analytics.go:114.3,114.12 1 1
github.com/segmentio/analytics-go/v3/analytics.go:115.14,116.15 1 1
github.com/segmentio/analytics-go/v3/analytics.go:116.15,118.4 1 0
github.com/segmentio/analytics-go/v3/analytics.go:119.3,119.12 1 1
github.com/segmentio/analytics-go/v3/analytics.go:120.17,121.15 1 1
github.com/segmentio/analytics-go/v3/analytics.go:121.15,123.4 1 0
github.com/segmentio/analytics-go/v3/analytics.go:124.3,124.12 1 1
github.com/segmentio/analytics-go/v3/analytics.go:125.13,126.15 1 1
github.com/segmentio/analytics-go/v3/analytics.go:126.15,128.4 1 0
github.com/segmentio/analytics-go/v3/analytics.go:129.3,129.12 1 1
github.com/segmentio/analytics-go/v3/analytics.go:130.15,131.15 1 1
github.com/segmentio/analytics-go/v3/analytics.go:131.15,133.4 1 0
github.com/segmentio/analytics-go/v3/analytics.go:134.3,134.12 1 1
github.com/segmentio/analytics-go/v3/analytics.go:135.14,136.15 1 1
github.com/segmentio/analytics-go/v3/analytics.go:136.15,138.4 1 0
github.com/segmentio/analytics-go/v3/analytics.go:139.3,139.12 1 1
github.com/segmentio/analytics-go/v3/analytics.go:142.2,142.12 1 30
github.com/segmentio/analytics-go/v3/analytics.go:145.51,147.38 2 36
github.com/segmentio/analytics-go/v3/analytics.go:147.38,149.3 1 1
github.com/segmentio/analytics-go/v3/analytics.go:151.2,154.25 3 35
github.com/segmentio/analytics-go/v3/analytics.go:155.13,159.10 4 2
github.com/segmentio/analytics-go/v3/analytics.go:161.13,165.10 4 2
github.com/segmentio/analytics-go/v3/analytics.go:167.16,171.10 4 2
github.com/segmentio/analytics-go/v3/analytics.go:173.12,177.10 4 2
github.com/segmentio/analytics-go/v3/analytics.go:179.14,183.10 4 2
github.com/segmentio/analytics-go/v3/analytics.go:185.13,189.10 4 24
github.com/segmentio/analytics-go/v3/analytics.go:191.10,193.9 2 1
github.com/segmentio/analytics-go/v3/analytics.go:196.2,196.15 1 34
github.com/segmentio/analytics-go/v3/analytics.go:196.15,201.23 1 34
github.com/segmentio/analytics-go/v3/analytics.go:201.23,203.4 1 1
github.com/segmentio/analytics-go/v3/analytics.go:206.2,207.8 2 34
github.com/segmentio/analytics-go/v3/analytics.go:211.38,212.15 1 20
github.com/segmentio/analytics-go/v3/analytics.go:212.15,215.23 1 20
github.com/segmentio/analytics-go/v3/analytics.go:215.23,217.4 1 1
github.com/segmentio/analytics-go/v3/analytics.go:219.2,221.8 3 20
github.com/segmentio/analytics-go/v3/analytics.go:225.78,228.19 2 29
github.com/segmentio/analytics-go/v3/analytics.go:228.19,230.16 2 28
github.com/segmentio/analytics-go/v3/analytics.go:230.16,234.36 1 28
github.com/segmentio/analytics-go/v3/analytics.go:234.36,236.5 1 0
github.com/segmentio/analytics-go/v3/analytics.go:238.3,238.15 1 28
github.com/segmentio/analytics-go/v3/analytics.go:239.5,243.3 3 1
github.com/segmentio/analytics-go/v3/analytics.go:247.39,257.16 3 28
github.com/segmentio/analytics-go/v3/analytics.go:257.16,261.3 3 1
github.com/segmentio/analytics-go/v3/analytics.go:263.2,263.33 1 27
github.com/segmentio/analytics-go/v3/analytics.go:263.33,264.36 1 36
github.com/segmentio/analytics-go/v3/analytics.go:264.36,267.4 2 22
github.com/segmentio/analytics-go/v3/analytics.go:270.3,270.10 1 14
github.com/segmentio/analytics-go/v3/analytics.go:271.38,271.38 0 10
github.com/segmentio/analytics-go/v3/analytics.go:272.17,275.10 3 4
github.com/segmentio/analytics-go/v3/analytics.go:279.2,280.28 2 1
github.com/segmentio/analytics-go/v3/analytics.go:284.41,287.16 3 36
github.com/segmentio/analytics-go/v3/analytics.go:287.16,290.3 2 1
github.com/segmentio/analytics-go/v3/analytics.go:292.2,299.16 6 35
github.com/segmentio/analytics-go/v3/analytics.go:299.16,302.3 2 11
github.com/segmentio/analytics-go/v3/analytics.go:304.2,305.22 2 24
github.com/segmentio/analytics-go/v3/analytics.go:309.57,312.26 2 24
github.com/segmentio/analytics-go/v3/analytics.go:312.26,315.3 2 22
github.com/segmentio/analytics-go/v3/analytics.go:317.2,317.54 1 2
github.com/segmentio/analytics-go/v3/analytics.go:317.54,320.3 2 1
github.com/segmentio/analytics-go/v3/analytics.go:322.2,323.56 2 1
github.com/segmentio/analytics-go/v3/analytics.go:327.25,344.6 9 20
github.com/segmentio/analytics-go/v3/analytics.go:344.6,345.10 1 50
github.com/segmentio/analytics-go/v3/analytics.go:346.24,347.28 1 29
github.com/segmentio/analytics-go/v3/analytics.go:349.17,350.24 1 1
github.com/segmentio/analytics-go/v3/analytics.go:352.17,358.28 3 19
github.com/segmentio/analytics-go/v3/analytics.go:358.28,360.5 1 4
github.com/segmentio/analytics-go/v3/analytics.go:362.4,364.10 3 19
github.com/segmentio/analytics-go/v3/analytics.go:369.85,373.60 3 33
github.com/segmentio/analytics-go/v3/analytics.go:373.60,377.3 3 1
github.com/segmentio/analytics-go/v3/analytics.go:379.2,381.38 2 32
github.com/segmentio/analytics-go/v3/analytics.go:381.38,384.3 2 21
github.com/segmentio/analytics-go/v3/analytics.go:387.75,388.36 1 20
github.com/segmentio/analytics-go/v3/analytics.go:388.36,391.3 2 8
github.com/segmentio/analytics-go/v3/analytics.go:394.61,395.15 1 121
github.com/segmentio/analytics-go/v3/analytics.go:395.15,397.3 1 74
github.com/segmentio/analytics-go/v3/analytics.go:400.59,402.2 1 75
github.com/segmentio/analytics-go/v3/analytics.go:404.61,406.2 1 21
github.com/segmentio/analytics-go/v3/analytics.go:408.38,415.2 2 20
github.com/segmentio/analytics-go/v3/analytics.go:417.48,418.23 1 22
github.com/segmentio/analytics-go/v3/analytics.go:418.23,419.26 1 2
github.com/segmentio/analytics-go/v3/analytics.go:419.26,421.4 1 2
github.com/segmentio/analytics-go/v3/analytics.go:425.59,426.23 1 8
github.com/segmentio/analytics-go/v3/analytics.go:426.23,427.26 1 8
github.com/segmentio/analytics-go/v3/analytics.go:427.26,429.4 1 8
github.com/segmentio/analytics-go/v3/config.go:97.35,98.20 1 24
github.com/segmentio/analytics-go/v3/config.go:98.20,104.3 1 2
github.com/segmentio/analytics-go/v3/config.go:106.2,106.21 1 22
github.com/segmentio/analytics-go/v3/config.go:106.21,112.3 1 1
github.com/segmentio/analytics-go/v3/config.go:114.2,114.12 1 21
github.com/segmentio/analytics-go/v3/config.go:119.34,120.26 1 20
github.com/segmentio/analytics-go/v3/config.go:120.26,122.3 1 11
github.com/segmentio/analytics-go/v3/config.go:124.2,124.21 1 20
github.com/segmentio/analytics-go/v3/config.go:124.21,126.3 1 19
github.com/segmentio/analytics-go/v3/config.go:128.2,128.24 1 20
github.com/segmentio/analytics-go/v3/config.go:128.24,130.3 1 11
github.com/segmentio/analytics-go/v3/config.go:132.2,132.21 1 20
github.com/segmentio/analytics-go/v3/config.go:132.21,134.3 1 4
github.com/segmentio/analytics-go/v3/config.go:136.2,136.22 1 20
github.com/segmentio/analytics-go/v3/config.go:136.22,138.3 1 11
github.com/segmentio/analytics-go/v3/config.go:140.2,140.29 1 20
github.com/segmentio/analytics-go/v3/config.go:140.29,142.3 1 19
github.com/segmentio/analytics-go/v3/config.go:144.2,144.25 1 20
github.com/segmentio/analytics-go/v3/config.go:144.25,146.3 1 19
github.com/segmentio/analytics-go/v3/config.go:148.2,148.18 1 20
github.com/segmentio/analytics-go/v3/config.go:148.18,150.3 1 12
github.com/segmentio/analytics-go/v3/config.go:152.2,152.18 1 20
github.com/segmentio/analytics-go/v3/config.go:152.18,154.3 1 12
github.com/segmentio/analytics-go/v3/config.go:156.2,156.34 1 20
github.com/segmentio/analytics-go/v3/config.go:156.34,158.3 1 19
github.com/segmentio/analytics-go/v3/config.go:162.2,166.10 2 20
github.com/segmentio/analytics-go/v3/config.go:171.19,173.2 1 32
github.com/segmentio/analytics-go/v3/context.go:136.50,145.37 4 51
github.com/segmentio/analytics-go/v3/context.go:145.37,147.3 1 4
github.com/segmentio/analytics-go/v3/context.go:149.2,149.40 1 51
github.com/segmentio/analytics-go/v3/error.go:23.37,25.2 1 1
github.com/segmentio/analytics-go/v3/error.go:43.36,45.2 1 1
github.com/segmentio/analytics-go/v3/executor.go:12.37,19.2 3 23
github.com/segmentio/analytics-go/v3/executor.go:21.46,24.21 2 34
github.com/segmentio/analytics-go/v3/executor.go:24.21,28.3 3 32
github.com/segmentio/analytics-go/v3/executor.go:30.2,31.8 2 34
github.com/segmentio/analytics-go/v3/executor.go:34.28,36.2 1 22
github.com/segmentio/analytics-go/v3/executor.go:38.27,39.28 1 23
github.com/segmentio/analytics-go/v3/executor.go:39.28,41.3 1 32
github.com/segmentio/analytics-go/v3/executor.go:44.37,47.2 2 32
github.com/segmentio/analytics-go/v3/executor.go:49.27,53.2 3 32
github.com/segmentio/analytics-go/v3/group.go:24.35,25.27 1 9
github.com/segmentio/analytics-go/v3/group.go:25.27,31.3 1 2
github.com/segmentio/analytics-go/v3/group.go:33.2,33.55 1 7
github.com/segmentio/analytics-go/v3/group.go:33.55,39.3 1 1
github.com/segmentio/analytics-go/v3/group.go:41.2,41.12 1 6
github.com/segmentio/analytics-go/v3/identify.go:23.38,24.55 1 8
github.com/segmentio/analytics-go/v3/identify.go:24.55,30.3 1 2
github.com/segmentio/analytics-go/v3/identify.go:32.2,32.12 1 6
github.com/segmentio/analytics-go/v3/integrations.go:19.37,21.2 1 2
github.com/segmentio/analytics-go/v3/integrations.go:23.48,25.2 1 1
github.com/segmentio/analytics-go/v3/integrations.go:27.49,29.2 1 1
github.com/segmentio/analytics-go/v3/integrations.go:31.56,33.2 1 1
github.com/segmentio/analytics-go/v3/integrations.go:35.57,37.2 1 1
github.com/segmentio/analytics-go/v3/integrations.go:41.72,44.2 2 2
github.com/segmentio/analytics-go/v3/json.go:12.84,16.14 3 52
github.com/segmentio/analytics-go/v3/json.go:16.14,18.3 1 1
github.com/segmentio/analytics-go/v3/json.go:20.2,20.26 1 52
github.com/segmentio/analytics-go/v3/json.go:20.26,25.56 4 921
github.com/segmentio/analytics-go/v3/json.go:25.56,27.4 1 51
github.com/segmentio/analytics-go/v3/json.go:30.2,30.10 1 52
github.com/segmentio/analytics-go/v3/json.go:35.77,38.41 2 925
github.com/segmentio/analytics-go/v3/json.go:38.41,40.3 1 3
github.com/segmentio/analytics-go/v3/json.go:40.8,42.3 1 922
github.com/segmentio/analytics-go/v3/json.go:44.2,44.45 1 925
github.com/segmentio/analytics-go/v3/json.go:44.45,46.3 1 870
github.com/segmentio/analytics-go/v3/json.go:48.2,48.8 1 925
github.com/segmentio/analytics-go/v3/json.go:54.40,55.18 1 3036
github.com/segmentio/analytics-go/v3/json.go:56.65,57.22 1 1999
github.com/segmentio/analytics-go/v3/json.go:59.20,60.19 1 208
github.com/segmentio/analytics-go/v3/json.go:62.78,63.22 1 156
github.com/segmentio/analytics-go/v3/json.go:65.100,66.23 1 2
github.com/segmentio/analytics-go/v3/json.go:68.40,69.24 1 155
github.com/segmentio/analytics-go/v3/json.go:71.38,72.19 1 2
github.com/segmentio/analytics-go/v3/json.go:74.22,75.44 1 512
github.com/segmentio/analytics-go/v3/json.go:75.44,76.32 1 2148
github.com/segmentio/analytics-go/v3/json.go:76.32,78.5 1 50
github.com/segmentio/analytics-go/v3/json.go:80.3,80.14 1 462
github.com/segmentio/analytics-go/v3/json.go:82.23,83.14 1 1
github.com/segmentio/analytics-go/v3/json.go:86.2,86.14 1 1
github.com/segmentio/analytics-go/v3/logger.go:27.43,31.2 1 5
github.com/segmentio/analytics-go/v3/logger.go:37.61,39.2 1 2
github.com/segmentio/analytics-go/v3/logger.go:41.63,43.2 1 1
github.com/segmentio/analytics-go/v3/logger.go:45.32,47.2 1 4
github.com/segmentio/analytics-go/v3/message.go:43.50,44.18 1 36
github.com/segmentio/analytics-go/v3/message.go:44.18,46.3 1 34
github.com/segmentio/analytics-go/v3/message.go:47.2,47.11 1 2
github.com/segmentio/analytics-go/v3/message.go:52.58,53.24 1 34
github.com/segmentio/analytics-go/v3/message.go:53.24,55.3 1 33
github.com/segmentio/analytics-go/v3/message.go:56.2,56.10 1 1
github.com/segmentio/analytics-go/v3/message.go:74.68,75.49 1 43
github.com/segmentio/analytics-go/v3/message.go:75.49,76.31 1 42
github.com/segmentio/analytics-go/v3/message.go:76.31,78.4 1 1
github.com/segmentio/analytics-go/v3/message.go:78.9,80.4 1 41
github.com/segmentio/analytics-go/v3/message.go:82.2,82.8 1 43
github.com/segmentio/analytics-go/v3/message.go:85.48,87.2 1 31
github.com/segmentio/analytics-go/v3/message.go:89.29,92.2 1 40
github.com/segmentio/analytics-go/v3/message.go:101.54,102.44 1 40
github.com/segmentio/analytics-go/v3/message.go:102.44,104.3 1 2
github.com/segmentio/analytics-go/v3/message.go:106.2,106.22 1 40
github.com/segmentio/analytics-go/v3/message.go:106.22,108.3 1 35
github.com/segmentio/analytics-go/v3/message.go:110.2,113.50 3 40
github.com/segmentio/analytics-go/v3/message.go:113.50,115.3 1 23
github.com/segmentio/analytics-go/v3/message.go:117.2,117.8 1 40
github.com/segmentio/analytics-go/v3/message.go:120.49,123.2 2 45
github.com/segmentio/analytics-go/v3/page.go:24.34,25.55 1 8
github.com/segmentio/analytics-go/v3/page.go:25.55,31.3 1 2
github.com/segmentio/analytics-go/v3/page.go:33.2,33.12 1 6
github.com/segmentio/analytics-go/v3/properties.go:18.33,20.2 1 22
github.com/segmentio/analytics-go/v3/properties.go:22.60,24.2 1 1
github.com/segmentio/analytics-go/v3/properties.go:26.61,28.2 1 1
github.com/segmentio/analytics-go/v3/properties.go:30.56,32.2 1 2
github.com/segmentio/analytics-go/v3/properties.go:34.53,36.2 1 1
github.com/segmentio/analytics-go/v3/properties.go:38.61,40.2 1 1
github.com/segmentio/analytics-go/v3/properties.go:42.55,44.2 1 2
github.com/segmentio/analytics-go/v3/properties.go:46.51,48.2 1 1
github.com/segmentio/analytics-go/v3/properties.go:50.53,52.2 1 1
github.com/segmentio/analytics-go/v3/properties.go:54.61,56.2 1 1
github.com/segmentio/analytics-go/v3/properties.go:58.51,60.2 1 1
github.com/segmentio/analytics-go/v3/properties.go:62.56,64.2 1 1
github.com/segmentio/analytics-go/v3/properties.go:66.56,68.2 1 1
github.com/segmentio/analytics-go/v3/properties.go:70.54,72.2 1 1
github.com/segmentio/analytics-go/v3/properties.go:74.56,76.2 1 1
github.com/segmentio/analytics-go/v3/properties.go:78.62,80.2 1 1
github.com/segmentio/analytics-go/v3/properties.go:82.62,84.2 1 1
github.com/segmentio/analytics-go/v3/properties.go:86.52,88.2 1 1
github.com/segmentio/analytics-go/v3/properties.go:90.62,92.2 1 1
github.com/segmentio/analytics-go/v3/properties.go:94.57,96.2 1 1
github.com/segmentio/analytics-go/v3/properties.go:98.65,100.2 1 1
github.com/segmentio/analytics-go/v3/properties.go:102.55,104.2 1 1
github.com/segmentio/analytics-go/v3/properties.go:106.68,109.2 2 23
github.com/segmentio/analytics-go/v3/screen.go:24.36,25.55 1 8
github.com/segmentio/analytics-go/v3/screen.go:25.55,31.3 1 2
github.com/segmentio/analytics-go/v3/screen.go:33.2,33.12 1 6
github.com/segmentio/analytics-go/v3/timeout_16.go:8.56,10.2 1 20
github.com/segmentio/analytics-go/v3/track.go:24.35,25.25 1 31
github.com/segmentio/analytics-go/v3/track.go:25.25,31.3 1 2
github.com/segmentio/analytics-go/v3/track.go:33.2,33.55 1 29
github.com/segmentio/analytics-go/v3/track.go:33.55,39.3 1 1
github.com/segmentio/analytics-go/v3/track.go:41.2,41.12 1 28
github.com/segmentio/analytics-go/v3/traits.go:22.25,24.2 1 16
github.com/segmentio/analytics-go/v3/traits.go:26.51,28.2 1 1
github.com/segmentio/analytics-go/v3/traits.go:30.40,32.2 1 1
github.com/segmentio/analytics-go/v3/traits.go:34.46,36.2 1 1
github.com/segmentio/analytics-go/v3/traits.go:38.52,40.2 1 1
github.com/segmentio/analytics-go/v3/traits.go:42.53,44.2 1 1
github.com/segmentio/analytics-go/v3/traits.go:46.52,48.2 1 1
github.com/segmentio/analytics-go/v3/traits.go:50.47,52.2 1 1
github.com/segmentio/analytics-go/v3/traits.go:54.55,56.2 1 2
github.com/segmentio/analytics-go/v3/traits.go:58.49,60.2 1 1
github.com/segmentio/analytics-go/v3/traits.go:62.53,64.2 1 2
github.com/segmentio/analytics-go/v3/traits.go:66.45,68.2 1 1
github.com/segmentio/analytics-go/v3/traits.go:70.47,72.2 1 1
github.com/segmentio/analytics-go/v3/traits.go:74.47,76.2 1 1
github.com/segmentio/analytics-go/v3/traits.go:78.53,80.2 1 1
github.com/segmentio/analytics-go/v3/traits.go:82.47,84.2 1 1
github.com/segmentio/analytics-go/v3/traits.go:86.61,89.2 2 17
github.com/segmentio/analytics-go/v3/validate.go:7.54,8.40 1 40
github.com/segmentio/analytics-go/v3/validate.go:8.40,9.34 1 19
github.com/segmentio/analytics-go/v3/validate.go:9.34,11.4 1 19
github.com/segmentio/analytics-go/v3/validate.go:13.2,13.11 1 21
github.com/segmentio/analytics-go/v3/validate.go:16.44,18.33 2 19
github.com/segmentio/analytics-go/v3/validate.go:18.33,19.14 1 18
github.com/segmentio/analytics-go/v3/validate.go:20.16,25.16 1 2
github.com/segmentio/analytics-go/v3/validate.go:26.16,32.16 1 3
github.com/segmentio/analytics-go/v3/validate.go:33.19,38.16 1 3
github.com/segmentio/analytics-go/v3/validate.go:39.15,44.16 1 3
github.com/segmentio/analytics-go/v3/validate.go:45.17,50.16 1 3
github.com/segmentio/analytics-go/v3/validate.go:51.16,57.16 1 3
github.com/segmentio/analytics-go/v3/validate.go:60.2,64.3 1 2
